// Jest Snapshot v1, https://goo.gl/fbAQLP

exports[`NewTodoForm Component Tests matches snapshot 1`] = `
<DocumentFragment>
  <form>
    <label
      for="new-todo"
    >
      Add a new task:
    </label>
    <input
      id="new-todo"
      placeholder="Add a new task"
      type="text"
      value=""
    />
    <button
      type="submit"
    >
      Add Todo
    </button>
  </form>
</DocumentFragment>
`;
