// Jest Snapshot v1, https://goo.gl/fbAQLP

exports[`Todo Component Tests matches snapshot 1`] = `
<DocumentFragment>
  <div>
    Test Task
    <button>
      X
    </button>
  </div>
</DocumentFragment>
`;
